m1033286@a4ml12199l:~$ hadoop fs -copyFromLocal Desktop/GIT_HADOOP/BigDataAndHadoop/Assignment2/DataSet/names.txt /inputs/mr_inputs
17/05/04 09:17:17 WARN util.NativeCodeLoader: Unable to load native-hadoop library for your platform... using builtin-java classes where applicable
m1033286@a4ml12199l:~$ hadoop fs -copyFromLocal Desktop/GIT_HADOOP/BigDataAndHadoop/Assignment2/DataSet/lines.txt /inputs/mr_inputs
17/05/04 09:17:33 WARN util.NativeCodeLoader: Unable to load native-hadoop library for your platform... using builtin-java classes where applicable
m1033286@a4ml12199l:~$ hadoof fs -ls /inputs/mr_inputs
hadoof: command not found
m1033286@a4ml12199l:~$ hadoop fs -ls /inputs/mr_inputs
17/05/04 09:17:51 WARN util.NativeCodeLoader: Unable to load native-hadoop library for your platform... using builtin-java classes where applicable
Found 2 items
-rw-r--r--   1 m1033286 supergroup        317 2017-05-04 09:17 /inputs/mr_inputs/lines.txt
-rw-r--r--   1 m1033286 supergroup        510 2017-05-04 09:17 /inputs/mr_inputs/names.txt
m1033286@a4ml12199l:~$ hadoop jar Desktop/GIT_HADOOP/BigDataAndHadoop/Assignment2/JAR/MR_LineCount.jar LineCount /output
^Cm1033286@a4ml12199l:~$ hadoop fs -rmr /output_mr_linecount
rmr: DEPRECATED: Please use 'rm -r' instead.
17/05/04 09:19:22 WARN util.NativeCodeLoader: Unable to load native-hadoop library for your platform... using builtin-java classes where applicable
17/05/04 09:19:23 INFO fs.TrashPolicyDefault: Namenode trash configuration: Deletion interval = 0 minutes, Emptier interval = 0 minutes.
Deleted /output_mr_linecount
m1033286@a4ml12199l:~$ hadoop fs -rmr /output_mr_lineremove
rmr: DEPRECATED: Please use 'rm -r' instead.
17/05/04 09:19:40 WARN util.NativeCodeLoader: Unable to load native-hadoop library for your platform... using builtin-java classes where applicable
17/05/04 09:19:41 INFO fs.TrashPolicyDefault: Namenode trash configuration: Deletion interval = 0 minutes, Emptier interval = 0 minutes.
Deleted /output_mr_lineremove
m1033286@a4ml12199l:~$ hadoop jar Desktop/GIT_HADOOP/BigDataAndHadoop/Assignment2/JAR/MR_LineCount.jar LineCount /output_mr_linecount
Exception in thread "main" java.lang.ClassNotFoundException: LineCount
	at java.net.URLClassLoader.findClass(URLClassLoader.java:381)
	at java.lang.ClassLoader.loadClass(ClassLoader.java:424)
	at java.lang.ClassLoader.loadClass(ClassLoader.java:357)
	at java.lang.Class.forName0(Native Method)
	at java.lang.Class.forName(Class.java:348)
	at org.apache.hadoop.util.RunJar.run(RunJar.java:214)
	at org.apache.hadoop.util.RunJar.main(RunJar.java:136)
m1033286@a4ml12199l:~$ hadoop jar Desktop/GIT_HADOOP/BigDataAndHadoop/Assignment2/JAR/MR_LineCount.jar org.chandan.hadoop.linecount.LineCount /inputs/mr_inputs/names.txt /output_mr_linecount
17/05/04 09:24:19 WARN util.NativeCodeLoader: Unable to load native-hadoop library for your platform... using builtin-java classes where applicable
17/05/04 09:24:20 INFO client.RMProxy: Connecting to ResourceManager at /0.0.0.0:8032
17/05/04 09:24:20 INFO client.RMProxy: Connecting to ResourceManager at /0.0.0.0:8032
17/05/04 09:24:21 WARN mapreduce.JobResourceUploader: Hadoop command-line option parsing not performed. Implement the Tool interface and execute your application with ToolRunner to remedy this.
17/05/04 09:24:21 INFO mapred.FileInputFormat: Total input paths to process : 1
17/05/04 09:24:21 INFO mapreduce.JobSubmitter: number of splits:2
17/05/04 09:24:21 INFO mapreduce.JobSubmitter: Submitting tokens for job: job_1493868880322_0001
17/05/04 09:24:22 INFO impl.YarnClientImpl: Submitted application application_1493868880322_0001
17/05/04 09:24:22 INFO mapreduce.Job: The url to track the job: http://a4ml12199l:8088/proxy/application_1493868880322_0001/
17/05/04 09:24:22 INFO mapreduce.Job: Running job: job_1493868880322_0001
17/05/04 09:24:32 INFO mapreduce.Job: Job job_1493868880322_0001 running in uber mode : false
17/05/04 09:24:32 INFO mapreduce.Job:  map 0% reduce 0%
17/05/04 09:24:40 INFO mapreduce.Job:  map 100% reduce 0%
17/05/04 09:24:46 INFO mapreduce.Job:  map 100% reduce 100%
17/05/04 09:24:46 INFO mapreduce.Job: Job job_1493868880322_0001 completed successfully
17/05/04 09:24:46 INFO mapreduce.Job: Counters: 49
	File System Counters
		FILE: Number of bytes read=2301
		FILE: Number of bytes written=323012
		FILE: Number of read operations=0
		FILE: Number of large read operations=0
		FILE: Number of write operations=0
		HDFS: Number of bytes read=962
		HDFS: Number of bytes written=24
		HDFS: Number of read operations=9
		HDFS: Number of large read operations=0
		HDFS: Number of write operations=2
	Job Counters 
		Launched map tasks=2
		Launched reduce tasks=1
		Data-local map tasks=2
		Total time spent by all maps in occupied slots (ms)=11111
		Total time spent by all reduces in occupied slots (ms)=4083
		Total time spent by all map tasks (ms)=11111
		Total time spent by all reduce tasks (ms)=4083
		Total vcore-seconds taken by all map tasks=11111
		Total vcore-seconds taken by all reduce tasks=4083
		Total megabyte-seconds taken by all map tasks=11377664
		Total megabyte-seconds taken by all reduce tasks=4180992
	Map-Reduce Framework
		Map input records=85
		Map output records=85
		Map output bytes=2125
		Map output materialized bytes=2307
		Input split bytes=200
		Combine input records=0
		Combine output records=0
		Reduce input groups=1
		Reduce shuffle bytes=2307
		Reduce input records=85
		Reduce output records=1
		Spilled Records=170
		Shuffled Maps =2
		Failed Shuffles=0
		Merged Map outputs=2
		GC time elapsed (ms)=367
		CPU time spent (ms)=3020
		Physical memory (bytes) snapshot=689889280
		Virtual memory (bytes) snapshot=5751631872
		Total committed heap usage (bytes)=516947968
	Shuffle Errors
		BAD_ID=0
		CONNECTION=0
		IO_ERROR=0
		WRONG_LENGTH=0
		WRONG_MAP=0
		WRONG_REDUCE=0
	File Input Format Counters 
		Bytes Read=762
	File Output Format Counters 
		Bytes Written=24
m1033286@a4ml12199l:~$ hadoop fs -cat /output_mr_linecount/*
17/05/04 09:25:07 WARN util.NativeCodeLoader: Unable to load native-hadoop library for your platform... using builtin-java classes where applicable
Total No Of Lines : 	85
m1033286@a4ml12199l:~$ 

